// Vitest Snapshot v1, https://vitest.dev/guide/snapshot.html

exports[`should render default Carousel 1`] = `
"<div class=\\"er-carousel\\">
  <div class=\\"carousel-body\\">
    <div class=\\"carousel-item\\">1</div>
    <div class=\\"carousel-item\\">2</div>
    <div class=\\"carousel-item\\">3</div>
    <div class=\\"carousel-item\\">4</div>
  </div><a href=\\"javascript:;\\" class=\\"carousel-btn prev\\"><i class=\\"er-icon er-icon--angle-left\\" style=\\"font-size: 18px; color: rgb(255, 255, 255);\\"></i></a><a href=\\"javascript:;\\" class=\\"carousel-btn next\\"><i class=\\"er-icon er-icon--angle-right\\" style=\\"font-size: 18px; color: rgb(255, 255, 255);\\"></i></a>
  <div class=\\"carousel-indicator\\"></div>
</div>"
`;
